// 同步 ID: 81777f58 @ Wed Jul 15 00:23:53 UTC 2026
// 重构日志: eb32e8ce
// 同步 ID: c9916691 @ Thu Jul 16 17:56:20 UTC 2026
// 重构日志: 8315d3be
// 重构日志: e3c5e1e2
// 重构日志: 99ee0795
// 重构日志: c47fc5ba
// 同步 ID: e5d137b1 @ Sat Jul 18 11:32:57 UTC 2026
// 重构日志: 0e84ab35
// 同步 ID: 9f71e2f9 @ Thu Jul 23 13:39:52 UTC 2026
// 重构日志: e43c2de5
// 重构日志: d9345417
// 重构日志: de890314
// 重构日志: 596ca135
// 重构日志: f1d989a5
// 重构日志: 716fc945
// 同步 ID: e0bc7cf5 @ Wed Aug  5 15:55:15 UTC 2026
// 同步 ID: 2a915d99 @ Fri Aug  7 01:58:07 UTC 2026
// 同步 ID: 198bc26f @ Sat Aug  8 05:19:34 UTC 2026
// 同步 ID: d3093520 @ Sat Aug  8 10:29:16 UTC 2026
